names=5025 window=2023-01-01..2026-09-25

horizon 5d  n=734359  MAE(ATR) p50=0.95 p80=1.86 p90=2.52 | MFE(ATR) p50=0.91 p80=1.88
 stop  RR | %stop %tgt %time | avg win%  avg loss% | mean gross%  mean net%  mean R
 1.0  1.5 |  46.6  25.7  27.6 |    3.80    -3.02 |     -0.05     -0.35   -0.01
 1.0  2.0 |  47.4  15.9  36.7 |    4.13    -3.00 |     -0.00     -0.30    0.00
 1.0  3.0 |  47.8   6.0  46.2 |    4.37    -2.99 |      0.06     -0.24    0.02
 1.5  1.5 |  28.9  13.4  57.7 |    4.02    -3.60 |      0.10     -0.20    0.02
 1.5  2.0 |  29.1   6.5  64.4 |    4.16    -3.59 |      0.14     -0.16    0.03
 1.5  3.0 |  29.1   2.0  68.9 |    4.27    -3.59 |      0.19     -0.11    0.04
 2.0  1.5 |  17.2   6.6  76.2 |    4.09    -3.79 |      0.17     -0.13    0.03
 2.0  2.0 |  17.2   2.9  79.9 |    4.18    -3.79 |      0.21     -0.09    0.03
 2.0  3.0 |  17.2   0.8  82.0 |    4.24    -3.79 |      0.24     -0.06    0.04
 3.0  1.5 |   6.2   2.1  91.7 |    4.18    -3.89 |      0.23     -0.07    0.02
 3.0  2.0 |   6.2   0.8  93.0 |    4.22    -3.89 |      0.24     -0.06    0.02
 3.0  3.0 |   6.2   0.2  93.6 |    4.25    -3.89 |      0.26     -0.04    0.03
 4.0  1.5 |   2.6   0.8  96.5 |    4.21    -3.93 |      0.24     -0.06    0.02
 4.0  2.0 |   2.6   0.3  97.0 |    4.24    -3.93 |      0.25     -0.05    0.02
 4.0  3.0 |   2.6   0.1  97.3 |    4.25    -3.93 |      0.25     -0.05    0.02

horizon 10d  n=734359  MAE(ATR) p50=1.34 p80=2.64 p90=3.59 | MFE(ATR) p50=1.36 p80=2.79
 stop  RR | %stop %tgt %time | avg win%  avg loss% | mean gross%  mean net%  mean R
 1.0  1.5 |  56.5  35.3   8.2 |    4.75    -3.33 |     -0.05     -0.35   -0.02
 1.0  2.0 |  59.3  26.3  14.4 |    5.65    -3.30 |      0.01     -0.29    0.00
 1.0  3.0 |  61.1  13.8  25.1 |    6.50    -3.28 |      0.11     -0.19    0.03
 1.5  1.5 |  43.7  26.0  30.2 |    5.61    -4.44 |      0.15     -0.15    0.03
 1.5  2.0 |  44.5  15.8  39.7 |    6.06    -4.41 |      0.22     -0.08    0.04
 1.5  3.0 |  44.9   5.8  49.3 |    6.39    -4.39 |      0.30     -0.00    0.06
 2.0  1.5 |  31.5  16.6  51.8 |    5.85    -5.05 |      0.28     -0.02    0.04
 2.0  2.0 |  31.7   8.5  59.7 |    6.10    -5.04 |      0.35      0.05    0.05
 2.0  3.0 |  31.8   2.5  65.6 |    6.26    -5.04 |      0.41      0.11    0.06
 3.0  1.5 |  15.3   6.4  78.3 |    6.01    -5.49 |      0.41      0.11    0.04
 3.0  2.0 |  15.4   2.6  82.0 |    6.11    -5.49 |      0.45      0.15    0.05
 3.0  3.0 |  15.4   0.7  84.0 |    6.18    -5.49 |      0.48      0.18    0.05
 4.0  1.5 |   7.5   2.7  89.9 |    6.08    -5.60 |      0.45      0.15    0.03
 4.0  2.0 |   7.5   1.0  91.5 |    6.14    -5.60 |      0.47      0.17    0.04
 4.0  3.0 |   7.5   0.2  92.3 |    6.17    -5.60 |      0.49      0.19    0.04

horizon 20d  n=734359  MAE(ATR) p50=1.88 p80=3.75 p90=5.06 | MFE(ATR) p50=2.03 p80=4.15
 stop  RR | %stop %tgt %time | avg win%  avg loss% | mean gross%  mean net%  mean R
 1.0  1.5 |  60.1  38.7   1.3 |    5.15    -3.45 |     -0.06     -0.36   -0.02
 1.0  2.0 |  65.1  31.9   3.0 |    6.66    -3.44 |      0.01     -0.29    0.00
 1.0  3.0 |  69.8  21.8   8.4 |    8.84    -3.41 |      0.13     -0.17    0.04
 1.5  1.5 |  54.1  36.4   9.5 |    7.06    -4.95 |      0.16     -0.14    0.03
 1.5  2.0 |  56.8  27.0  16.1 |    8.38    -4.90 |      0.27     -0.03    0.05
 1.5  3.0 |  58.6  14.1  27.4 |    9.60    -4.87 |      0.42      0.12    0.08
 2.0  1.5 |  45.6  30.0  24.4 |    8.04    -6.09 |      0.36      0.06    0.05
 2.0  2.0 |  46.7  19.3  33.9 |    8.90    -6.04 |      0.49      0.19    0.07
 2.0  3.0 |  47.3   7.8  44.9 |    9.51    -6.02 |      0.61      0.31    0.09
 3.0  1.5 |  29.1  16.5  54.4 |    8.67    -7.36 |      0.63      0.33    0.06
 3.0  2.0 |  29.3   8.3  62.4 |    9.02    -7.34 |      0.72      0.42    0.07
 3.0  3.0 |  29.4   2.4  68.2 |    9.24    -7.33 |      0.80      0.50    0.08
 4.0  1.5 |  17.5   8.5  74.1 |    8.85    -7.81 |      0.76      0.46    0.06
 4.0  2.0 |  17.5   3.6  78.9 |    9.02    -7.80 |      0.82      0.52    0.06
 4.0  3.0 |  17.5   0.9  81.6 |    9.14    -7.80 |      0.87      0.57    0.07
